

1， fdisk -l 查看磁盘列表

```bash
[root@iZwz9i55doz3nfgzzkmvokZ /]# fdisk -l

磁盘 /dev/vda：42.9 GB, 42949672960 字节，83886080 个扇区
Units = 扇区 of 1 * 512 = 512 bytes
扇区大小(逻辑/物理)：512 字节 / 512 字节
I/O 大小(最小/最佳)：512 字节 / 512 字节
磁盘标签类型：dos
磁盘标识符：0x635e6c7d

   设备 Boot      Start         End      Blocks   Id  System
/dev/vda1            2048    83886079    41942016   83  Linux

磁盘 /dev/vdb：107.4 GB, 107374182400 字节，209715200 个扇区
Units = 扇区 of 1 * 512 = 512 bytes
扇区大小(逻辑/物理)：512 字节 / 512 字节
I/O 大小(最小/最佳)：512 字节 / 512 字节

```

发现 /dev/vdb 设备还未使用 

2，分区 fdisk /dev/vdb

依次输入 n p 1，然后输入两次回车，再输入 wq，等待完成。

```
[root@iZwz9i55doz3nfgzzkmvokZ /]# fdisk /dev/vdb
欢迎使用 fdisk (util-linux 2.23.2)。

更改将停留在内存中，直到您决定将更改写入磁盘。
使用写入命令前请三思。

Device does not contain a recognized partition table
使用磁盘标识符 0xe9d7e5a8 创建新的 DOS 磁盘标签。

命令(输入 m 获取帮助)：n
Partition type:
   p   primary (0 primary, 0 extended, 4 free)
   e   extended
Select (default p): p
分区号 (1-4，默认 1)：1
起始 扇区 (2048-209715199，默认为 2048)：
将使用默认值 2048
Last 扇区, +扇区 or +size{K,M,G} (2048-209715199，默认为 209715199)：
将使用默认值 209715199
分区 1 已设置为 Linux 类型，大小设为 100 GiB

命令(输入 m 获取帮助)：wq
The partition table has been altered!

Calling ioctl() to re-read partition table.
正在同步磁盘。
```

3, fdisk -l 重新查看

```
[root@iZwz9i55doz3nfgzzkmvokZ /]# fdisk -l

磁盘 /dev/vda：42.9 GB, 42949672960 字节，83886080 个扇区
Units = 扇区 of 1 * 512 = 512 bytes
扇区大小(逻辑/物理)：512 字节 / 512 字节
I/O 大小(最小/最佳)：512 字节 / 512 字节
磁盘标签类型：dos
磁盘标识符：0x635e6c7d

   设备 Boot      Start         End      Blocks   Id  System
/dev/vda1            2048    83886079    41942016   83  Linux

磁盘 /dev/vdb：107.4 GB, 107374182400 字节，209715200 个扇区
Units = 扇区 of 1 * 512 = 512 bytes
扇区大小(逻辑/物理)：512 字节 / 512 字节
I/O 大小(最小/最佳)：512 字节 / 512 字节
磁盘标签类型：dos
磁盘标识符：0xe9d7e5a8

   设备 Boot      Start         End      Blocks   Id  System
/dev/vdb1            2048   209715199   104856576   83  Linux
```

4, 格式化分区   mkfs.ext4 /dev/vdb1

```
[root@iZwz9i55doz3nfgzzkmvokZ /]# mkfs.ext4 /dev/vdb1
mke2fs 1.42.9 (28-Dec-2013)
文件系统标签=
OS type: Linux
块大小=4096 (log=2)
分块大小=4096 (log=2)
Stride=0 blocks, Stripe width=0 blocks
6553600 inodes, 26214144 blocks
1310707 blocks (5.00%) reserved for the super user
第一个数据块=0
Maximum filesystem blocks=2174746624
800 block groups
32768 blocks per group, 32768 fragments per group
8192 inodes per group
Superblock backups stored on blocks: 
	32768, 98304, 163840, 229376, 294912, 819200, 884736, 1605632, 2654208, 
	4096000, 7962624, 11239424, 20480000, 23887872

Allocating group tables: 完成                            
正在写入inode表: 完成                            
Creating journal (32768 blocks): 完成
Writing superblocks and filesystem accounting information: 完成 
```

5, 将设备挂载到指定的目录下

```
mount /dev/vdb1 /home
```


6, 保存到文件系统表 /etc/fstab

当系统启动的时候，系统会自动地从这个文件读取信息，并且会自动将此文件中指定的文件系统挂载到指定的目录。

```
echo /dev/vdb1 /home ext4 defaults 0 0 >> /etc/fstab
```